L2 Pointer Chase Benchmark
  GPU        = NVIDIA GB200
  SMs        = 152
  L2 size    = 129.2 MB
  chain      = 129.2 MB (1058816 links)
  num_hops   = 1058816 (full chain)
  num_passes = 5

--- GPC Discovery ---
  GPC  0: 12 SMs [0,1,16,17,32,33,48,49,64,65,80,81]
  GPC  1: 20 SMs [6,7,22,23,38,39,54,55,70,71,86,87,100,101,114,115,128,129,138,139]
  GPC  2: 18 SMs [2,3,18,19,34,35,50,51,66,67,82,83,96,97,110,111,124,125]
  GPC  3: 18 SMs [4,5,20,21,36,37,52,53,68,69,84,85,98,99,112,113,126,127]
  GPC  4: 20 SMs [8,9,24,25,40,41,56,57,72,73,88,89,102,103,116,117,130,131,140,141]
  GPC  5: 20 SMs [10,11,26,27,42,43,58,59,74,75,90,91,104,105,118,119,132,133,142,143]
  GPC  6: 20 SMs [12,13,28,29,44,45,60,61,76,77,92,93,106,107,120,121,134,135,144,145]
  GPC  7: 20 SMs [14,15,30,31,46,47,62,63,78,79,94,95,108,109,122,123,136,137,146,147]
  GPC  8:  2 SMs [148,149]
  GPC  9:  2 SMs [150,151]

--- Building chain ---
  SM spacing = 6965 links (870 KB)
  results buf = 613.9 MB

--- Pass 1/5 ---
  Unique SMs: 152 / 152

--- Pass 2/5 ---

--- Pass 3/5 ---

--- Pass 4/5 ---

--- Pass 5/5 ---

--- Computing results ---
  Wrote results/sm_info.csv
  Writing latency profile for SM 150 (GPC 9)...
  Wrote results/latency_profile.csv (1058816 rows)
